Integration Tests	Set up job	ï»¿2025-12-05T19:12:09.7569340Z Current runner version: '2.329.0'
Integration Tests	Set up job	2025-12-05T19:12:09.7592378Z ##[group]Runner Image Provisioner
Integration Tests	Set up job	2025-12-05T19:12:09.7593213Z Hosted Compute Agent
Integration Tests	Set up job	2025-12-05T19:12:09.7593721Z Version: 20251124.448
Integration Tests	Set up job	2025-12-05T19:12:09.7594435Z Commit: fda5086b43ec66ade217e5fcd18146c879571177
Integration Tests	Set up job	2025-12-05T19:12:09.7595420Z Build Date: 2025-11-24T21:16:26Z
Integration Tests	Set up job	2025-12-05T19:12:09.7596008Z ##[endgroup]
Integration Tests	Set up job	2025-12-05T19:12:09.7596569Z ##[group]Operating System
Integration Tests	Set up job	2025-12-05T19:12:09.7597144Z Ubuntu
Integration Tests	Set up job	2025-12-05T19:12:09.7597587Z 24.04.3
Integration Tests	Set up job	2025-12-05T19:12:09.7598098Z LTS
Integration Tests	Set up job	2025-12-05T19:12:09.7598551Z ##[endgroup]
Integration Tests	Set up job	2025-12-05T19:12:09.7599031Z ##[group]Runner Image
Integration Tests	Set up job	2025-12-05T19:12:09.7599621Z Image: ubuntu-24.04
Integration Tests	Set up job	2025-12-05T19:12:09.7600096Z Version: 20251126.144.1
Integration Tests	Set up job	2025-12-05T19:12:09.7601119Z Included Software: https://github.com/actions/runner-images/blob/ubuntu24/20251126.144/images/ubuntu/Ubuntu2404-Readme.md
Integration Tests	Set up job	2025-12-05T19:12:09.7602576Z Image Release: https://github.com/actions/runner-images/releases/tag/ubuntu24%2F20251126.144
Integration Tests	Set up job	2025-12-05T19:12:09.7603788Z ##[endgroup]
Integration Tests	Set up job	2025-12-05T19:12:09.7605043Z ##[group]GITHUB_TOKEN Permissions
Integration Tests	Set up job	2025-12-05T19:12:09.7607096Z Contents: read
Integration Tests	Set up job	2025-12-05T19:12:09.7607731Z Metadata: read
Integration Tests	Set up job	2025-12-05T19:12:09.7608219Z Packages: read
Integration Tests	Set up job	2025-12-05T19:12:09.7608712Z ##[endgroup]
Integration Tests	Set up job	2025-12-05T19:12:09.7610767Z Secret source: Actions
Integration Tests	Set up job	2025-12-05T19:12:09.7611933Z Prepare workflow directory
Integration Tests	Set up job	2025-12-05T19:12:09.7939696Z Prepare all required actions
Integration Tests	Set up job	2025-12-05T19:12:09.7978700Z Getting action download info
Integration Tests	Set up job	2025-12-05T19:12:10.1196533Z Download action repository 'actions/checkout@v4' (SHA:34e114876b0b11c390a56381ad16ebd13914f8d5)
Integration Tests	Set up job	2025-12-05T19:12:10.5412526Z Download action repository 'actions/setup-node@v6' (SHA:395ad3262231945c25e8478fd5baf05154b1d79f)
Integration Tests	Set up job	2025-12-05T19:12:10.9989936Z Download action repository 'actions/cache@v4' (SHA:0057852bfaa89a56745cba8c7296529d2fc39830)
Integration Tests	Set up job	2025-12-05T19:12:11.1973049Z Complete job name: Integration Tests
Integration Tests	Checkout code	ï»¿2025-12-05T19:12:11.2766446Z ##[group]Run actions/checkout@v4
Integration Tests	Checkout code	2025-12-05T19:12:11.2767742Z with:
Integration Tests	Checkout code	2025-12-05T19:12:11.2768534Z   repository: timothyfroehlich/PinPoint
Integration Tests	Checkout code	2025-12-05T19:12:11.2769793Z   token: ***
Integration Tests	Checkout code	2025-12-05T19:12:11.2770489Z   ssh-strict: true
Integration Tests	Checkout code	2025-12-05T19:12:11.2771222Z   ssh-user: git
Integration Tests	Checkout code	2025-12-05T19:12:11.2771973Z   persist-credentials: true
Integration Tests	Checkout code	2025-12-05T19:12:11.2772805Z   clean: true
Integration Tests	Checkout code	2025-12-05T19:12:11.2773536Z   sparse-checkout-cone-mode: true
Integration Tests	Checkout code	2025-12-05T19:12:11.2774444Z   fetch-depth: 1
Integration Tests	Checkout code	2025-12-05T19:12:11.2775311Z   fetch-tags: false
Integration Tests	Checkout code	2025-12-05T19:12:11.2776056Z   show-progress: true
Integration Tests	Checkout code	2025-12-05T19:12:11.2776805Z   lfs: false
Integration Tests	Checkout code	2025-12-05T19:12:11.2777498Z   submodules: false
Integration Tests	Checkout code	2025-12-05T19:12:11.2778241Z   set-safe-directory: true
Integration Tests	Checkout code	2025-12-05T19:12:11.2779317Z ##[endgroup]
Integration Tests	Checkout code	2025-12-05T19:12:11.3866804Z Syncing repository: timothyfroehlich/PinPoint
Integration Tests	Checkout code	2025-12-05T19:12:11.3869326Z ##[group]Getting Git version info
Integration Tests	Checkout code	2025-12-05T19:12:11.3870717Z Working directory is '/home/runner/work/PinPoint/PinPoint'
Integration Tests	Checkout code	2025-12-05T19:12:11.3872580Z [command]/usr/bin/git version
Integration Tests	Checkout code	2025-12-05T19:12:11.3963542Z git version 2.52.0
Integration Tests	Checkout code	2025-12-05T19:12:11.3990017Z ##[endgroup]
Integration Tests	Checkout code	2025-12-05T19:12:11.4003293Z Temporarily overriding HOME='/home/runner/work/_temp/406e5379-bd67-44d7-8b1f-fde9e5c57cb9' before making global git config changes
Integration Tests	Checkout code	2025-12-05T19:12:11.4006263Z Adding repository directory to the temporary git global config as a safe directory
Integration Tests	Checkout code	2025-12-05T19:12:11.4008924Z [command]/usr/bin/git config --global --add safe.directory /home/runner/work/PinPoint/PinPoint
Integration Tests	Checkout code	2025-12-05T19:12:11.4045260Z Deleting the contents of '/home/runner/work/PinPoint/PinPoint'
Integration Tests	Checkout code	2025-12-05T19:12:11.4048836Z ##[group]Initializing the repository
Integration Tests	Checkout code	2025-12-05T19:12:11.4052554Z [command]/usr/bin/git init /home/runner/work/PinPoint/PinPoint
Integration Tests	Checkout code	2025-12-05T19:12:11.4180656Z hint: Using 'master' as the name for the initial branch. This default branch name
Integration Tests	Checkout code	2025-12-05T19:12:11.4183822Z hint: will change to "main" in Git 3.0. To configure the initial branch name
Integration Tests	Checkout code	2025-12-05T19:12:11.4187473Z hint: to use in all of your new repositories, which will suppress this warning,
Integration Tests	Checkout code	2025-12-05T19:12:11.4189251Z hint: call:
Integration Tests	Checkout code	2025-12-05T19:12:11.4189900Z hint:
Integration Tests	Checkout code	2025-12-05T19:12:11.4191007Z hint: 	git config --global init.defaultBranch <name>
Integration Tests	Checkout code	2025-12-05T19:12:11.4192505Z hint:
Integration Tests	Checkout code	2025-12-05T19:12:11.4193512Z hint: Names commonly chosen instead of 'master' are 'main', 'trunk' and
Integration Tests	Checkout code	2025-12-05T19:12:11.4195402Z hint: 'development'. The just-created branch can be renamed via this command:
Integration Tests	Checkout code	2025-12-05T19:12:11.4196897Z hint:
Integration Tests	Checkout code	2025-12-05T19:12:11.4197827Z hint: 	git branch -m <name>
Integration Tests	Checkout code	2025-12-05T19:12:11.4198629Z hint:
Integration Tests	Checkout code	2025-12-05T19:12:11.4199726Z hint: Disable this message with "git config set advice.defaultBranchName false"
Integration Tests	Checkout code	2025-12-05T19:12:11.4201613Z Initialized empty Git repository in /home/runner/work/PinPoint/PinPoint/.git/
Integration Tests	Checkout code	2025-12-05T19:12:11.4204577Z [command]/usr/bin/git remote add origin https://github.com/timothyfroehlich/PinPoint
Integration Tests	Checkout code	2025-12-05T19:12:11.4233682Z ##[endgroup]
Integration Tests	Checkout code	2025-12-05T19:12:11.4235252Z ##[group]Disabling automatic garbage collection
Integration Tests	Checkout code	2025-12-05T19:12:11.4236986Z [command]/usr/bin/git config --local gc.auto 0
Integration Tests	Checkout code	2025-12-05T19:12:11.4265005Z ##[endgroup]
Integration Tests	Checkout code	2025-12-05T19:12:11.4266246Z ##[group]Setting up auth
Integration Tests	Checkout code	2025-12-05T19:12:11.4271064Z [command]/usr/bin/git config --local --name-only --get-regexp core\.sshCommand
Integration Tests	Checkout code	2025-12-05T19:12:11.4300336Z [command]/usr/bin/git submodule foreach --recursive sh -c "git config --local --name-only --get-regexp 'core\.sshCommand' && git config --local --unset-all 'core.sshCommand' || :"
Integration Tests	Checkout code	2025-12-05T19:12:11.4658677Z [command]/usr/bin/git config --local --name-only --get-regexp http\.https\:\/\/github\.com\/\.extraheader
Integration Tests	Checkout code	2025-12-05T19:12:11.4691362Z [command]/usr/bin/git submodule foreach --recursive sh -c "git config --local --name-only --get-regexp 'http\.https\:\/\/github\.com\/\.extraheader' && git config --local --unset-all 'http.https://github.com/.extraheader' || :"
Integration Tests	Checkout code	2025-12-05T19:12:11.4906548Z [command]/usr/bin/git config --local --name-only --get-regexp ^includeIf\.gitdir:
Integration Tests	Checkout code	2025-12-05T19:12:11.4938695Z [command]/usr/bin/git submodule foreach --recursive git config --local --show-origin --name-only --get-regexp remote.origin.url
Integration Tests	Checkout code	2025-12-05T19:12:11.5160429Z [command]/usr/bin/git config --local http.https://github.com/.extraheader AUTHORIZATION: basic ***
Integration Tests	Checkout code	2025-12-05T19:12:11.5194917Z ##[endgroup]
Integration Tests	Checkout code	2025-12-05T19:12:11.5196432Z ##[group]Fetching the repository
Integration Tests	Checkout code	2025-12-05T19:12:11.5206043Z [command]/usr/bin/git -c protocol.version=2 fetch --no-tags --prune --no-recurse-submodules --depth=1 origin +6c71b9a516077e0274e32772a0a83d6b597930d7:refs/remotes/pull/580/merge
Integration Tests	Checkout code	2025-12-05T19:12:11.8770949Z From https://github.com/timothyfroehlich/PinPoint
Integration Tests	Checkout code	2025-12-05T19:12:11.8773579Z  * [new ref]         6c71b9a516077e0274e32772a0a83d6b597930d7 -> pull/580/merge
Integration Tests	Checkout code	2025-12-05T19:12:11.8810825Z ##[endgroup]
Integration Tests	Checkout code	2025-12-05T19:12:11.8813056Z ##[group]Determining the checkout info
Integration Tests	Checkout code	2025-12-05T19:12:11.8816036Z ##[endgroup]
Integration Tests	Checkout code	2025-12-05T19:12:11.8818650Z [command]/usr/bin/git sparse-checkout disable
Integration Tests	Checkout code	2025-12-05T19:12:11.8861300Z [command]/usr/bin/git config --local --unset-all extensions.worktreeConfig
Integration Tests	Checkout code	2025-12-05T19:12:11.8887996Z ##[group]Checking out the ref
Integration Tests	Checkout code	2025-12-05T19:12:11.8891238Z [command]/usr/bin/git checkout --progress --force refs/remotes/pull/580/merge
Integration Tests	Checkout code	2025-12-05T19:12:11.9169822Z Note: switching to 'refs/remotes/pull/580/merge'.
Integration Tests	Checkout code	2025-12-05T19:12:11.9171351Z 
Integration Tests	Checkout code	2025-12-05T19:12:11.9172171Z You are in 'detached HEAD' state. You can look around, make experimental
Integration Tests	Checkout code	2025-12-05T19:12:11.9174143Z changes and commit them, and you can discard any commits you make in this
Integration Tests	Checkout code	2025-12-05T19:12:11.9177270Z state without impacting any branches by switching back to a branch.
Integration Tests	Checkout code	2025-12-05T19:12:11.9179139Z 
Integration Tests	Checkout code	2025-12-05T19:12:11.9180250Z If you want to create a new branch to retain commits you create, you may
Integration Tests	Checkout code	2025-12-05T19:12:11.9183352Z do so (now or later) by using -c with the switch command. Example:
Integration Tests	Checkout code	2025-12-05T19:12:11.9185138Z 
Integration Tests	Checkout code	2025-12-05T19:12:11.9185792Z   git switch -c <new-branch-name>
Integration Tests	Checkout code	2025-12-05T19:12:11.9187066Z 
Integration Tests	Checkout code	2025-12-05T19:12:11.9187801Z Or undo this operation with:
Integration Tests	Checkout code	2025-12-05T19:12:11.9189007Z 
Integration Tests	Checkout code	2025-12-05T19:12:11.9189501Z   git switch -
Integration Tests	Checkout code	2025-12-05T19:12:11.9190242Z 
Integration Tests	Checkout code	2025-12-05T19:12:11.9191441Z Turn off this advice by setting config variable advice.detachedHead to false
Integration Tests	Checkout code	2025-12-05T19:12:11.9193160Z 
Integration Tests	Checkout code	2025-12-05T19:12:11.9194380Z HEAD is now at 6c71b9a Merge 04f5531788b76cf5eb924b915c9b7051a19754d5 into 1c9010787b895c8b9510b743b19a51ad3998c90e
Integration Tests	Checkout code	2025-12-05T19:12:11.9198414Z ##[endgroup]
Integration Tests	Checkout code	2025-12-05T19:12:11.9229425Z [command]/usr/bin/git log -1 --format=%H
Integration Tests	Checkout code	2025-12-05T19:12:11.9251823Z 6c71b9a516077e0274e32772a0a83d6b597930d7
Integration Tests	Setup Node.js	ï»¿2025-12-05T19:12:11.9543139Z ##[group]Run actions/setup-node@v6
Integration Tests	Setup Node.js	2025-12-05T19:12:11.9544248Z with:
Integration Tests	Setup Node.js	2025-12-05T19:12:11.9545248Z   node-version: 22
Integration Tests	Setup Node.js	2025-12-05T19:12:11.9546126Z   cache: npm
Integration Tests	Setup Node.js	2025-12-05T19:12:11.9546994Z   check-latest: false
Integration Tests	Setup Node.js	2025-12-05T19:12:11.9548121Z   token: ***
Integration Tests	Setup Node.js	2025-12-05T19:12:11.9549015Z   package-manager-cache: true
Integration Tests	Setup Node.js	2025-12-05T19:12:11.9550103Z ##[endgroup]
Integration Tests	Setup Node.js	2025-12-05T19:12:12.1229063Z Found in cache @ /opt/hostedtoolcache/node/22.21.1/x64
Integration Tests	Setup Node.js	2025-12-05T19:12:12.1233254Z (node:2108) [DEP0040] DeprecationWarning: The `punycode` module is deprecated. Please use a userland alternative instead.
Integration Tests	Setup Node.js	2025-12-05T19:12:12.1237679Z (Use `node --trace-deprecation ...` to show where the warning was created)
Integration Tests	Setup Node.js	2025-12-05T19:12:12.1241650Z ##[group]Environment details
Integration Tests	Setup Node.js	2025-12-05T19:12:14.9381327Z node: v22.21.1
Integration Tests	Setup Node.js	2025-12-05T19:12:14.9382118Z npm: 10.9.4
Integration Tests	Setup Node.js	2025-12-05T19:12:14.9382773Z yarn: 1.22.22
Integration Tests	Setup Node.js	2025-12-05T19:12:14.9384325Z ##[endgroup]
Integration Tests	Setup Node.js	2025-12-05T19:12:14.9405126Z [command]/opt/hostedtoolcache/node/22.21.1/x64/bin/npm config get cache
Integration Tests	Setup Node.js	2025-12-05T19:12:15.2620497Z /home/runner/.npm
Integration Tests	Setup Node.js	2025-12-05T19:12:15.3821363Z Cache hit for: node-cache-Linux-x64-npm-850f5c2dffaee32cc229f5983ab97e3f7886f9ce44e895a75aaff74e70583229
Integration Tests	Setup Node.js	2025-12-05T19:12:15.3917116Z (node:2108) [DEP0169] DeprecationWarning: `url.parse()` behavior is not standardized and prone to errors that have security implications. Use the WHATWG URL API instead. CVEs are not issued for `url.parse()` vulnerabilities.
Integration Tests	Setup Node.js	2025-12-05T19:12:16.4726564Z Received 159383552 of 219936500 (72.5%), 151.8 MBs/sec
Integration Tests	Setup Node.js	2025-12-05T19:12:16.7645198Z Received 219936500 of 219936500 (100.0%), 162.2 MBs/sec
Integration Tests	Setup Node.js	2025-12-05T19:12:16.7646601Z Cache Size: ~210 MB (219936500 B)
Integration Tests	Setup Node.js	2025-12-05T19:12:16.7765017Z [command]/usr/bin/tar -xf /home/runner/work/_temp/9cbaf1fb-dec0-485c-87fc-e6549b6d9694/cache.tzst -P -C /home/runner/work/PinPoint/PinPoint --use-compress-program unzstd
Integration Tests	Setup Node.js	2025-12-05T19:12:17.2075836Z Cache restored successfully
Integration Tests	Setup Node.js	2025-12-05T19:12:17.2504862Z Cache restored from key: node-cache-Linux-x64-npm-850f5c2dffaee32cc229f5983ab97e3f7886f9ce44e895a75aaff74e70583229
Integration Tests	Restore node_modules	ï»¿2025-12-05T19:12:17.3315102Z ##[group]Run actions/cache/restore@v4
Integration Tests	Restore node_modules	2025-12-05T19:12:17.3315473Z with:
Integration Tests	Restore node_modules	2025-12-05T19:12:17.3315664Z   path: node_modules
Integration Tests	Restore node_modules	2025-12-05T19:12:17.3316065Z   key: node-modules-Linux-850f5c2dffaee32cc229f5983ab97e3f7886f9ce44e895a75aaff74e70583229
Integration Tests	Restore node_modules	2025-12-05T19:12:17.3316512Z   enableCrossOsArchive: false
Integration Tests	Restore node_modules	2025-12-05T19:12:17.3316746Z   fail-on-cache-miss: false
Integration Tests	Restore node_modules	2025-12-05T19:12:17.3316985Z   lookup-only: false
Integration Tests	Restore node_modules	2025-12-05T19:12:17.3317194Z ##[endgroup]
Integration Tests	Restore node_modules	2025-12-05T19:12:17.5947078Z Cache hit for: node-modules-Linux-850f5c2dffaee32cc229f5983ab97e3f7886f9ce44e895a75aaff74e70583229
Integration Tests	Restore node_modules	2025-12-05T19:12:18.7099390Z Received 134217728 of 197440411 (68.0%), 127.9 MBs/sec
Integration Tests	Restore node_modules	2025-12-05T19:12:19.0325717Z Received 197440411 of 197440411 (100.0%), 142.2 MBs/sec
Integration Tests	Restore node_modules	2025-12-05T19:12:19.0328997Z Cache Size: ~188 MB (197440411 B)
Integration Tests	Restore node_modules	2025-12-05T19:12:19.0370590Z [command]/usr/bin/tar -xf /home/runner/work/_temp/57b5215a-170f-4b2a-a86e-1d4d9b42434b/cache.tzst -P -C /home/runner/work/PinPoint/PinPoint --use-compress-program unzstd
Integration Tests	Restore node_modules	2025-12-05T19:12:21.7662170Z Cache restored successfully
Integration Tests	Restore node_modules	2025-12-05T19:12:21.8111210Z Cache restored from key: node-modules-Linux-850f5c2dffaee32cc229f5983ab97e3f7886f9ce44e895a75aaff74e70583229
Integration Tests	Run integration tests	ï»¿2025-12-05T19:12:21.8260250Z ##[group]Run set -a
Integration Tests	Run integration tests	2025-12-05T19:12:21.8260598Z [36;1mset -a[0m
Integration Tests	Run integration tests	2025-12-05T19:12:21.8260809Z [36;1msource .env.ci[0m
Integration Tests	Run integration tests	2025-12-05T19:12:21.8261022Z [36;1mset +a[0m
Integration Tests	Run integration tests	2025-12-05T19:12:21.8261565Z [36;1mnpm run test:integration -- --reporter=verbose[0m
Integration Tests	Run integration tests	2025-12-05T19:12:21.8305492Z shell: /usr/bin/bash -e {0}
Integration Tests	Run integration tests	2025-12-05T19:12:21.8305779Z ##[endgroup]
Integration Tests	Run integration tests	2025-12-05T19:12:21.9453600Z 
Integration Tests	Run integration tests	2025-12-05T19:12:21.9454285Z > pinpoint@0.2.0 test:integration
Integration Tests	Run integration tests	2025-12-05T19:12:21.9455179Z > vitest run --project integration --silent --no-color --reporter=verbose
Integration Tests	Run integration tests	2025-12-05T19:12:21.9455573Z 
Integration Tests	Run integration tests	2025-12-05T19:12:22.6546412Z 
Integration Tests	Run integration tests	2025-12-05T19:12:22.6548533Z  RUN  v4.0.12 /home/runner/work/PinPoint/PinPoint
Integration Tests	Run integration tests	2025-12-05T19:12:22.6549162Z 
Integration Tests	Run integration tests	2025-12-05T19:12:26.6467759Z  âœ“ |integration| src/test/integration/dashboard.test.ts > Dashboard Queries (PGlite) > Assigned Issues Query > should return only open issues assigned to specific user 39ms
Integration Tests	Run integration tests	2025-12-05T19:12:26.6498627Z  âœ“ |integration| src/test/integration/dashboard.test.ts > Dashboard Queries (PGlite) > Assigned Issues Query > should return empty array when user has no assigned issues 5ms
Integration Tests	Run integration tests	2025-12-05T19:12:26.6503900Z  âœ“ |integration| src/test/integration/dashboard.test.ts > Dashboard Queries (PGlite) > Recently Reported Issues Query > should return last 10 issues with machine and reporter 17ms
Integration Tests	Run integration tests	2025-12-05T19:12:26.6509254Z  âœ“ |integration| src/test/integration/dashboard.test.ts > Dashboard Queries (PGlite) > Unplayable Machines Query > should return only machines with open unplayable issues 13ms
Integration Tests	Run integration tests	2025-12-05T19:12:26.6515453Z  âœ“ |integration| src/test/integration/machines.test.ts > Machine CRUD Operations (PGlite) > Machine Creation > should create a machine with valid name 16ms
Integration Tests	Run integration tests	2025-12-05T19:12:26.6517873Z  âœ“ |integration| src/test/integration/machines.test.ts > Machine CRUD Operations (PGlite) > Machine Creation > should validate machine name with schema 10ms
Integration Tests	Run integration tests	2025-12-05T19:12:26.6520029Z  âœ“ |integration| src/test/integration/machines.test.ts > Machine CRUD Operations (PGlite) > Machine Creation > should trim whitespace from machine name 11ms
Integration Tests	Run integration tests	2025-12-05T19:12:26.6522079Z  âœ“ |integration| src/test/integration/machines.test.ts > Machine CRUD Operations (PGlite) > Machine Queries > should query machine with its issues 42ms
Integration Tests	Run integration tests	2025-12-05T19:12:26.6524118Z  âœ“ |integration| src/test/integration/machines.test.ts > Machine CRUD Operations (PGlite) > Machine Queries > should list all machines ordered by name 14ms
Integration Tests	Run integration tests	2025-12-05T19:12:26.6977001Z  âœ“ |integration| src/test/integration/dashboard.test.ts > Dashboard Queries (PGlite) > Dashboard Stats Calculation > should correctly calculate total open issues 36ms
Integration Tests	Run integration tests	2025-12-05T19:12:26.6982730Z  âœ“ |integration| src/test/integration/dashboard.test.ts > Dashboard Queries (PGlite) > Dashboard Stats Calculation > should correctly calculate machines needing service 26ms
Integration Tests	Run integration tests	2025-12-05T19:12:26.6986217Z  âœ“ |integration| src/test/integration/dashboard.test.ts > Dashboard Queries (PGlite) > Dashboard Stats Calculation > should correctly count issues assigned to user 17ms
Integration Tests	Run integration tests	2025-12-05T19:12:26.7179041Z  âœ“ |integration| src/test/integration/machines.test.ts > Machine CRUD Operations (PGlite) > Machine Status Derivation > should derive 'operational' status when machine has no open issues 9ms
Integration Tests	Run integration tests	2025-12-05T19:12:26.7185405Z  âœ“ |integration| src/test/integration/machines.test.ts > Machine CRUD Operations (PGlite) > Machine Status Derivation > should derive 'needs_service' status when machine has playable/minor issues 10ms
Integration Tests	Run integration tests	2025-12-05T19:12:26.7190997Z  âœ“ |integration| src/test/integration/machines.test.ts > Machine CRUD Operations (PGlite) > Machine Status Derivation > should derive 'unplayable' status when machine has at least one unplayable issue 8ms
Integration Tests	Run integration tests	2025-12-05T19:12:26.7199573Z  âœ“ |integration| src/test/integration/machines.test.ts > Machine CRUD Operations (PGlite) > Machine Status Derivation > should ignore resolved issues when deriving status 14ms
Integration Tests	Run integration tests	2025-12-05T19:12:26.7201911Z  âœ“ |integration| src/test/integration/machines.test.ts > Machine CRUD Operations (PGlite) > Machine Deletion > should cascade delete issues when machine is deleted 29ms
Integration Tests	Run integration tests	2025-12-05T19:12:26.7285346Z  âœ“ |integration| src/test/integration/database-queries.test.ts > Database Queries (PGlite) > Machines > should insert and query a machine 18ms
Integration Tests	Run integration tests	2025-12-05T19:12:26.7287961Z  âœ“ |integration| src/test/integration/database-queries.test.ts > Database Queries (PGlite) > Machines > should find machine by id 28ms
Integration Tests	Run integration tests	2025-12-05T19:12:26.7290032Z  âœ“ |integration| src/test/integration/database-queries.test.ts > Database Queries (PGlite) > Issues > should insert issue with machine reference 33ms
Integration Tests	Run integration tests	2025-12-05T19:12:26.7292743Z  âœ“ |integration| src/test/integration/database-queries.test.ts > Database Queries (PGlite) > Issues > should enforce machine_initials NOT NULL constraint 15ms
Integration Tests	Run integration tests	2025-12-05T19:12:26.8333821Z  âœ“ |integration| src/test/integration/database-queries.test.ts > Database Queries (PGlite) > Issues > should cascade delete issues when machine is deleted 27ms
Integration Tests	Run integration tests	2025-12-05T19:12:26.8336272Z  âœ“ |integration| src/test/integration/database-queries.test.ts > Database Queries (PGlite) > User Profiles > should insert and query user profile 13ms
Integration Tests	Run integration tests	2025-12-05T19:12:26.8338303Z  âœ“ |integration| src/test/integration/database-queries.test.ts > Database Queries (PGlite) > User Profiles > should link user to reported issues 17ms
Integration Tests	Run integration tests	2025-12-05T19:12:26.8340409Z  âœ“ |integration| src/test/integration/database-queries.test.ts > Database Queries (PGlite) > Notifications > should create notification when issue is assigned 14ms
Integration Tests	Run integration tests	2025-12-05T19:12:27.1380763Z  âœ“ |integration| src/test/integration/database-queries.test.ts > Database Queries (PGlite) > Notifications > should create notification using library function (integration) 350ms
Integration Tests	Run integration tests	2025-12-05T19:12:27.1383498Z  âœ“ |integration| src/test/integration/database-queries.test.ts > Database Queries (PGlite) > Notifications > should delete notification (mark as read behavior) 11ms
Integration Tests	Run integration tests	2025-12-05T19:12:27.5729760Z  âœ“ |integration| src/test/integration/api/client-logs.route.test.ts > /api/client-logs (integration) > returns 403 outside development 7ms
Integration Tests	Run integration tests	2025-12-05T19:12:27.5736822Z  âœ“ |integration| src/test/integration/api/client-logs.route.test.ts > /api/client-logs (integration) > rejects invalid payloads with 400 5ms
Integration Tests	Run integration tests	2025-12-05T19:12:27.5742224Z  âœ“ |integration| src/test/integration/api/client-logs.route.test.ts > /api/client-logs (integration) > logs info entries with expected shape 5ms
Integration Tests	Run integration tests	2025-12-05T19:12:27.5744232Z  âœ“ |integration| src/test/integration/api/client-logs.route.test.ts > /api/client-logs (integration) > routes error level entries to log.error 2ms
Integration Tests	Run integration tests	2025-12-05T19:12:27.5746392Z  âœ“ |integration| src/test/integration/api/client-logs.route.test.ts > /api/client-logs (integration) > returns 400 on invalid JSON 2ms
Integration Tests	Run integration tests	2025-12-05T19:12:29.0769562Z  âœ“ |integration| src/test/integration/notifications.test.ts > createNotification (Integration) > should not notify the actor 25ms
Integration Tests	Run integration tests	2025-12-05T19:12:29.0773043Z  âœ“ |integration| src/test/integration/notifications.test.ts > createNotification (Integration) > should respect main switches 20ms
Integration Tests	Run integration tests	2025-12-05T19:12:29.0775361Z  âœ“ |integration| src/test/integration/notifications.test.ts > createNotification (Integration) > should respect granular event toggles 19ms
Integration Tests	Run integration tests	2025-12-05T19:12:29.0777431Z  âœ“ |integration| src/test/integration/notifications.test.ts > createNotification (Integration) > should send notifications when enabled 18ms
Integration Tests	Run integration tests	2025-12-05T19:12:29.0802225Z 
Integration Tests	Run integration tests	2025-12-05T19:12:29.0802709Z âŽ¯âŽ¯âŽ¯âŽ¯âŽ¯âŽ¯ Failed Suites 1 âŽ¯âŽ¯âŽ¯âŽ¯âŽ¯âŽ¯âŽ¯
Integration Tests	Run integration tests	2025-12-05T19:12:29.0803026Z 
Integration Tests	Run integration tests	2025-12-05T19:12:29.0806610Z  FAIL  |integration| src/test/integration/admin/user-management.test.ts [ src/test/integration/admin/user-management.test.ts ]
Integration Tests	Run integration tests	2025-12-05T19:12:29.0812523Z Error: supabaseKey is required.
Integration Tests	Run integration tests	2025-12-05T19:12:29.0815386Z  â¯ new SupabaseClient node_modules/@supabase/supabase-js/dist/main/SupabaseClient.js:43:19
Integration Tests	Run integration tests	2025-12-05T19:12:29.0817130Z  â¯ Proxy.createClient node_modules/@supabase/supabase-js/dist/main/index.js:46:12
Integration Tests	Run integration tests	2025-12-05T19:12:29.0818891Z  â¯ src/test/integration/admin/user-management.test.ts:34:23
Integration Tests	Run integration tests	2025-12-05T19:12:29.0851411Z      32| const supabaseUrl = process.env.NEXT_PUBLIC_SUPABASE_URL!;
Integration Tests	Run integration tests	2025-12-05T19:12:29.0852732Z      33| const serviceRoleKey = process.env.SUPABASE_SERVICE_ROLE_KEY!;
Integration Tests	Run integration tests	2025-12-05T19:12:29.0854597Z      34| const adminSupabase = createClient(supabaseUrl, serviceRoleKey);
Integration Tests	Run integration tests	2025-12-05T19:12:29.0855568Z        |                       ^
Integration Tests	Run integration tests	2025-12-05T19:12:29.0855941Z      35| 
Integration Tests	Run integration tests	2025-12-05T19:12:29.0856398Z      36| describe("Admin User Management Integration", () => {
Integration Tests	Run integration tests	2025-12-05T19:12:29.0856763Z 
Integration Tests	Run integration tests	2025-12-05T19:12:29.0857144Z âŽ¯âŽ¯âŽ¯âŽ¯âŽ¯âŽ¯âŽ¯âŽ¯âŽ¯âŽ¯âŽ¯âŽ¯âŽ¯âŽ¯âŽ¯âŽ¯âŽ¯âŽ¯âŽ¯âŽ¯âŽ¯âŽ¯âŽ¯âŽ¯[1/1]âŽ¯
Integration Tests	Run integration tests	2025-12-05T19:12:29.0857387Z 
Integration Tests	Run integration tests	2025-12-05T19:12:29.0857416Z 
Integration Tests	Run integration tests	2025-12-05T19:12:29.0860346Z  Test Files  1 failed | 5 passed (6)
Integration Tests	Run integration tests	2025-12-05T19:12:29.0861795Z       Tests  36 passed (36)
Integration Tests	Run integration tests	2025-12-05T19:12:29.0862297Z    Start at  19:12:22
Integration Tests	Run integration tests	2025-12-05T19:12:29.0863542Z    Duration  6.42s (transform 452ms, setup 841ms, collect 2.84s, tests 10.89s, environment 1ms, prepare 77ms)
Integration Tests	Run integration tests	2025-12-05T19:12:29.0866740Z 
Integration Tests	Run integration tests	2025-12-05T19:12:29.1251826Z ##[error]Process completed with exit code 1.
Integration Tests	Post Checkout code	ï»¿2025-12-05T19:12:29.1366769Z Post job cleanup.
Integration Tests	Post Checkout code	2025-12-05T19:12:29.2351771Z [command]/usr/bin/git version
Integration Tests	Post Checkout code	2025-12-05T19:12:29.2392599Z git version 2.52.0
Integration Tests	Post Checkout code	2025-12-05T19:12:29.2707255Z Temporarily overriding HOME='/home/runner/work/_temp/69a70949-8b50-4845-9e79-4b4e05bfa606' before making global git config changes
Integration Tests	Post Checkout code	2025-12-05T19:12:29.2708992Z Adding repository directory to the temporary git global config as a safe directory
Integration Tests	Post Checkout code	2025-12-05T19:12:29.2712426Z [command]/usr/bin/git config --global --add safe.directory /home/runner/work/PinPoint/PinPoint
Integration Tests	Post Checkout code	2025-12-05T19:12:29.2752231Z [command]/usr/bin/git config --local --name-only --get-regexp core\.sshCommand
Integration Tests	Post Checkout code	2025-12-05T19:12:29.2791745Z [command]/usr/bin/git submodule foreach --recursive sh -c "git config --local --name-only --get-regexp 'core\.sshCommand' && git config --local --unset-all 'core.sshCommand' || :"
Integration Tests	Post Checkout code	2025-12-05T19:12:29.3306541Z [command]/usr/bin/git config --local --name-only --get-regexp http\.https\:\/\/github\.com\/\.extraheader
Integration Tests	Post Checkout code	2025-12-05T19:12:29.3342209Z http.https://github.com/.extraheader
Integration Tests	Post Checkout code	2025-12-05T19:12:29.3361783Z [command]/usr/bin/git config --local --unset-all http.https://github.com/.extraheader
Integration Tests	Post Checkout code	2025-12-05T19:12:29.3409712Z [command]/usr/bin/git submodule foreach --recursive sh -c "git config --local --name-only --get-regexp 'http\.https\:\/\/github\.com\/\.extraheader' && git config --local --unset-all 'http.https://github.com/.extraheader' || :"
Integration Tests	Post Checkout code	2025-12-05T19:12:29.3659117Z [command]/usr/bin/git config --local --name-only --get-regexp ^includeIf\.gitdir:
Integration Tests	Post Checkout code	2025-12-05T19:12:29.3691910Z [command]/usr/bin/git submodule foreach --recursive git config --local --show-origin --name-only --get-regexp remote.origin.url
Integration Tests	Complete job	ï»¿2025-12-05T19:12:29.4069544Z Cleaning up orphan processes
